[templates.bwlthemes.com/political_buddies/index.html]
[backblue.gif]
[fade.gif]
[index.html]
[templates.bwlthemes.com/political_buddies/images/favicon.png]
[templates.bwlthemes.com/political_buddies/libs/bootstrap/styles/bootstrap.min.css]
[templates.bwlthemes.com/political_buddies/libs/font-awesome/font-awesome.min.css]
[templates.bwlthemes.com/political_buddies/libs/animate/styles/animate.css]
[templates.bwlthemes.com/political_buddies/libs/owl.carousel/styles/owl.carousel.css]
[templates.bwlthemes.com/political_buddies/libs/owl.carousel/styles/owl.theme.css]
[templates.bwlthemes.com/political_buddies/libs/venobox/styles/venobox.css]
[templates.bwlthemes.com/political_buddies/css/styles.css]
[templates.bwlthemes.com/political_buddies/images/loader.gif]
[templates.bwlthemes.com/political_buddies/donation.html]
[templates.bwlthemes.com/political_buddies/images/logo.png]
[templates.bwlthemes.com/political_buddies/about-us.html]
[templates.bwlthemes.com/political_buddies/events.html]
[templates.bwlthemes.com/political_buddies/event-single.html]
[templates.bwlthemes.com/political_buddies/element-cta.html]
[templates.bwlthemes.com/political_buddies/element-counter.html]
[templates.bwlthemes.com/political_buddies/element-logos.html]
[templates.bwlthemes.com/political_buddies/element-highlights.html]
[templates.bwlthemes.com/political_buddies/element-subscribe.html]
[templates.bwlthemes.com/political_buddies/element-team.html]
[templates.bwlthemes.com/political_buddies/element-feedback.html]
[templates.bwlthemes.com/political_buddies/gallery-1.html]
[templates.bwlthemes.com/political_buddies/gallery-2.html]
[templates.bwlthemes.com/political_buddies/faq.html]
[templates.bwlthemes.com/political_buddies/404.html]
[templates.bwlthemes.com/political_buddies/blog.html]
[templates.bwlthemes.com/political_buddies/single.html]
[templates.bwlthemes.com/political_buddies/contact.html]
[templates.bwlthemes.com/political_buddies/images/highlight_6.jpg]
[templates.bwlthemes.com/political_buddies/images/highlight_4.jpg]
[templates.bwlthemes.com/political_buddies/images/highlight_5.jpg]
[templates.bwlthemes.com/political_buddies/images/highlight_1.jpg]
[templates.bwlthemes.com/political_buddies/images/highlight_2.jpg]
[templates.bwlthemes.com/political_buddies/images/highlight_3.jpg]
[templates.bwlthemes.com/political_buddies/images/about_feat_bg_2.jpg]
[templates.bwlthemes.com/political_buddies/images/signature.png]
[templates.bwlthemes.com/political_buddies/images/event_1.jpg]
[templates.bwlthemes.com/political_buddies/images/event_3.jpg]
[templates.bwlthemes.com/political_buddies/images/event_4.jpg]
[templates.bwlthemes.com/political_buddies/images/event_2.jpg]
[templates.bwlthemes.com/political_buddies/images/achievements.jpg]
[templates.bwlthemes.com/political_buddies/images/team_9.jpg]
[templates.bwlthemes.com/political_buddies/images/team_6.jpg]
[templates.bwlthemes.com/political_buddies/images/team_7.jpg]
[templates.bwlthemes.com/political_buddies/images/user_1.jpg]
[templates.bwlthemes.com/political_buddies/images/user_2.jpg]
[templates.bwlthemes.com/political_buddies/images/user_3.jpg]
[templates.bwlthemes.com/political_buddies/images/testimony_feat_img.jpg]
[templates.bwlthemes.com/political_buddies/images/gallery_1.jpg]
[templates.bwlthemes.com/political_buddies/images/gallery_2.jpg]
[templates.bwlthemes.com/political_buddies/images/gallery_3.jpg]
[templates.bwlthemes.com/political_buddies/images/gallery_4.jpg]
[templates.bwlthemes.com/political_buddies/images/gallery_5.jpg]
[templates.bwlthemes.com/political_buddies/images/gallery_6.jpg]
[templates.bwlthemes.com/political_buddies/images/gallery_7.jpg]
[templates.bwlthemes.com/political_buddies/images/gallery_8.jpg]
[templates.bwlthemes.com/political_buddies/images/blog_thumb_1.jpg]
[templates.bwlthemes.com/political_buddies/images/blog_thumb_2.jpg]
[templates.bwlthemes.com/political_buddies/images/blog_thumb_3.jpg]
[templates.bwlthemes.com/political_buddies/images/logo-footer.png]
[templates.bwlthemes.com/political_buddies/libs/jquery/scripts/jquery.min.js]
[templates.bwlthemes.com/political_buddies/libs/bootstrap/scripts/bootstrap.min.js]
[templates.bwlthemes.com/political_buddies/libs/wow/scripts/wow.min.js]
[templates.bwlthemes.com/political_buddies/libs/jquery.backTop/scripts/jquery.backTop.min.js]
[templates.bwlthemes.com/political_buddies/libs/waypoints/scripts/waypoints.min.js]
[templates.bwlthemes.com/political_buddies/libs/waypoints/scripts/waypoints-sticky.min.js]
[templates.bwlthemes.com/political_buddies/libs/owl.carousel/scripts/owl.carousel.min.js]
[templates.bwlthemes.com/political_buddies/libs/jquery.stellar/scripts/jquery.stellar.min.js]
[templates.bwlthemes.com/political_buddies/libs/jquery.counterup/scripts/jquery.counterup.min.js]
[templates.bwlthemes.com/political_buddies/libs/venobox/scripts/venobox.min.js]
[templates.bwlthemes.com/political_buddies/libs/jquery.countdown/scripts/jquery.countdown.min.js]
[templates.bwlthemes.com/political_buddies/index.html]
[templates.bwlthemes.com/political_buddies/js/custom-scripts.js]
[templates.bwlthemes.com/political_buddies/libs/bootstrap/fonts/glyphicons-halflings-regular.eot]
[templates.bwlthemes.com/political_buddies/libs/bootstrap/fonts/glyphicons-halflings-regulard41d.eot]
[templates.bwlthemes.com/political_buddies/libs/bootstrap/fonts/glyphicons-halflings-regular.woff2]
[templates.bwlthemes.com/political_buddies/libs/bootstrap/fonts/glyphicons-halflings-regular.woff]
[templates.bwlthemes.com/political_buddies/libs/bootstrap/fonts/glyphicons-halflings-regular.ttf]
[templates.bwlthemes.com/political_buddies/libs/bootstrap/fonts/glyphicons-halflings-regular.svg]
[templates.bwlthemes.com/political_buddies/libs/bootstrap/styles/bootstrap.min.css]
[templates.bwlthemes.com/political_buddies/libs/fonts/fontawesome-webfont5b62.eot]
[templates.bwlthemes.com/political_buddies/libs/fonts/fontawesome-webfontd41d.eot]
[templates.bwlthemes.com/political_buddies/libs/fonts/fontawesome-webfont5b62.woff2]
[templates.bwlthemes.com/political_buddies/libs/fonts/fontawesome-webfont5b62.woff]
[templates.bwlthemes.com/political_buddies/libs/fonts/fontawesome-webfont5b62.ttf]
[templates.bwlthemes.com/political_buddies/libs/font-awesome/font-awesome.min.css]
[templates.bwlthemes.com/political_buddies/libs/animate/styles/animate.css]
[templates.bwlthemes.com/political_buddies/libs/fonts/fontawesome-webfont5b62.svg]
[templates.bwlthemes.com/political_buddies/libs/owl.carousel/styles/owl.video.play.png]
[templates.bwlthemes.com/political_buddies/libs/owl.carousel/styles/owl.carousel.css]
[templates.bwlthemes.com/political_buddies/libs/owl.carousel/styles/owl.theme.css]
[templates.bwlthemes.com/political_buddies/libs/venobox/images/preload-circle.png]
[templates.bwlthemes.com/political_buddies/libs/venobox/images/close.gif]
[templates.bwlthemes.com/political_buddies/libs/venobox/images/prev.gif]
[templates.bwlthemes.com/political_buddies/libs/venobox/images/next.gif]
[templates.bwlthemes.com/political_buddies/libs/venobox/styles/venobox.css]
[templates.bwlthemes.com/political_buddies/images/uparr-48-b.png]
[templates.bwlthemes.com/political_buddies/images/separator.png]
[templates.bwlthemes.com/political_buddies/images/home_1_slider_1.jpg]
[templates.bwlthemes.com/political_buddies/images/pattern_1.png]
[templates.bwlthemes.com/political_buddies/images/cta-bg-img.jpg]
[templates.bwlthemes.com/political_buddies/images/down_arrow.png]
[templates.bwlthemes.com/political_buddies/images/header-bg.jpg]
[templates.bwlthemes.com/political_buddies/images/about_us_bg.jpg]
[templates.bwlthemes.com/political_buddies/images/bg-geometry.png]
[templates.bwlthemes.com/political_buddies/css/styles.css]
[templates.bwlthemes.com/political_buddies/images/logo_1.png]
[templates.bwlthemes.com/political_buddies/images/logo_2.png]
[templates.bwlthemes.com/political_buddies/images/logo_3.png]
[templates.bwlthemes.com/political_buddies/images/logo_4.png]
[templates.bwlthemes.com/political_buddies/images/logo_5.png]
[templates.bwlthemes.com/political_buddies/images/logo_6.png]
[templates.bwlthemes.com/political_buddies/images/logo_7.png]
[templates.bwlthemes.com/political_buddies/images/logo_8.png]
[templates.bwlthemes.com/political_buddies/donation.html]
[templates.bwlthemes.com/political_buddies/images/about_feat_bg.jpg]
[templates.bwlthemes.com/political_buddies/about-us.html]
[templates.bwlthemes.com/political_buddies/events.html]
[templates.bwlthemes.com/political_buddies/images/event_single.jpg]
[templates.bwlthemes.com/political_buddies/js/jquery.gmap.min.js]
[templates.bwlthemes.com/political_buddies/event-single.html]
[templates.bwlthemes.com/political_buddies/element-cta.html]
[templates.bwlthemes.com/political_buddies/element-process.html]
[templates.bwlthemes.com/political_buddies/element-service.html]
[templates.bwlthemes.com/political_buddies/element-counter.html]
[templates.bwlthemes.com/political_buddies/element-logos.html]
[templates.bwlthemes.com/political_buddies/element-highlights.html]
[templates.bwlthemes.com/political_buddies/element-subscribe.html]
[templates.bwlthemes.com/political_buddies/images/team_5.jpg]
[templates.bwlthemes.com/political_buddies/element-team.html]
[templates.bwlthemes.com/political_buddies/element-feedback.html]
[templates.bwlthemes.com/political_buddies/gallery-1.html]
[templates.bwlthemes.com/political_buddies/gallery-2.html]
[templates.bwlthemes.com/political_buddies/faq.html]
[templates.bwlthemes.com/political_buddies/404.html]
[templates.bwlthemes.com/political_buddies/images/blog_1.jpg]
[templates.bwlthemes.com/political_buddies/images/blog_2.jpg]
[templates.bwlthemes.com/political_buddies/images/blog_3.jpg]
[templates.bwlthemes.com/political_buddies/blog.html]
[templates.bwlthemes.com/political_buddies/images/user_4.jpg]
[templates.bwlthemes.com/political_buddies/single.html]
[templates.bwlthemes.com/political_buddies/contact.html]
[templates.bwlthemes.com/political_buddies/libs/jquery/scripts/jquery.min.js]
[templates.bwlthemes.com/political_buddies/libs/jquery.gmap/scripts/jquery.gmap.min.js]
[templates.bwlthemes.com/political_buddies/Popover requires tooltip.js]
[templates.bwlthemes.com/political_buddies/libs/bootstrap/scripts/bootstrap.min.js]
[templates.bwlthemes.com/political_buddies/libs/wow/scripts/wow.min.js]
[templates.bwlthemes.com/political_buddies/libs/jquery.backTop/scripts/jquery.backTop.min.js]
[templates.bwlthemes.com/political_buddies/libs/waypoints/scripts/waypoints.min.js]
[templates.bwlthemes.com/political_buddies/libs/waypoints/scripts/waypoints-sticky.min.js]
[templates.bwlthemes.com/political_buddies/libs/owl.carousel/scripts/owl.carousel.min.js]
[templates.bwlthemes.com/political_buddies/libs/jquery.stellar/scripts/jquery.stellar.min.js]
[templates.bwlthemes.com/political_buddies/libs/jquery.counterup/scripts/jquery.counterup.min.js]
[templates.bwlthemes.com/political_buddies/libs/venobox/scripts/venobox.min.js]
[templates.bwlthemes.com/political_buddies/libs/jquery.countdown/scripts/jquery.countdown.min.js]
[templates.bwlthemes.com/political_buddies/js/custom-scripts.js]
[templates.bwlthemes.com/political_buddies/libs/bootstrap/fonts/glyphicons-halflings-regular.html]
[templates.bwlthemes.com/political_buddies/libs/bootstrap/fonts/glyphicons-halflings-regulard41d.html]
[templates.bwlthemes.com/political_buddies/libs/bootstrap/fonts/glyphicons-halflings-regular-2.html]
[templates.bwlthemes.com/political_buddies/libs/bootstrap/fonts/glyphicons-halflings-regular-3.html]
[templates.bwlthemes.com/political_buddies/libs/bootstrap/fonts/glyphicons-halflings-regular-4.html]
[templates.bwlthemes.com/political_buddies/libs/bootstrap/fonts/glyphicons-halflings-regular-5.html]
[templates.bwlthemes.com/political_buddies/libs/fonts/fontawesome-webfont5b62.svg]
[templates.bwlthemes.com/political_buddies/libs/owl.carousel/styles/owl.video.play.html]
[templates.bwlthemes.com/political_buddies/libs/venobox/images/preload-circle.html]
[templates.bwlthemes.com/political_buddies/libs/venobox/images/close.html]
[templates.bwlthemes.com/political_buddies/libs/venobox/images/prev.html]
[templates.bwlthemes.com/political_buddies/libs/venobox/images/next.html]
[templates.bwlthemes.com/political_buddies/images/about_us_bg.html]
[templates.bwlthemes.com/political_buddies/images/bg-geometry.html]
[templates.bwlthemes.com/political_buddies/js/jquery.gmap.min.html]
[templates.bwlthemes.com/political_buddies/element-process.html]
[templates.bwlthemes.com/political_buddies/element-service.html]
[templates.bwlthemes.com/political_buddies/libs/jquery.gmap/scripts/jquery.gmap.min.js]
[templates.bwlthemes.com/political_buddies/Popover requires tooltip.html]
